Unreferenced files: 2

File references: 1
Partition at L: 10 records in file
