File references: 11
Partition at LLL: 12 records in file
Partition at LLR: 13 records in file
Partition at LRL: 12 records in file
Partition at LRR: 13 records in file
Partition at RLL: 12 records in file
Partition at RLR: 13 records in file
Partition at RRL: 12 records in file
Partition at RRR: 13 records in file
Partition at LL: 25 records in file
Partition at L: 50 records in file
Partition at root: 100 records in file
