Active files:
Partition LLL: 12 records in file
Partition LLR: 13 records in file
Partition LRL: 12 records in file
Partition LRR: 13 records in file
Partition RLL: 12 records in file
Partition RLR: 13 records in file
Partition RRL: 12 records in file
Partition RRR: 13 records in file
