Unreferenced files: 0
Referenced files: 4
File references: 4
Partition at L:
40 records in file 1
30 records in file 2
Partition at R:
20 records in file 3
10 records in file 4
