One table
Active files:
Partition at root: 10 records in file

