Different for one table
Active files:
Partition root: 20 records in file

Same for 2 tables
Active files:
Partition root: 10 records in file

