Unreferenced files: 0
Referenced files: 1
File references: 2
Partition at L: 10 records (approx) in partial file 1
Partition at R: 10 records (approx) in partial file 1
