Same for 2 tables
File references: 1
Partition at root: 10 records in file

