Unreferenced files: 0
Referenced files: 3
File references: 4
Partition at L:
150 records (approx) in partial file 1
100 records in file
Partition at R:
200 records in file
150 records (approx) in partial file 1
