{
  "jobId": "job",
  "partitionId": "root",
  "inputFiles": [
    "file1.parquet",
    "file2.parquet"
  ],
  "newReference": {
    "filename": "file3.parquet",
    "partitionId": "root",
    "numberOfRecords": 100,
    "countApproximate": false,
    "onlyContainsDataForThisPartition": true
  },
  "updateTime": 1679825101000
}