{
  "files": [
    {
      "filename": "file.parquet",
      "totalReferenceCount": 2,
      "references": [
        {
          "partitionId": "L",
          "numberOfRecords": 100,
          "jobId": null,
          "countApproximate": true,
          "onlyContainsDataForThisPartition": false
        },
        {
          "partitionId": "R",
          "numberOfRecords": 100,
          "jobId": null,
          "countApproximate": true,
          "onlyContainsDataForThisPartition": false
        }
      ]
    }
  ]
}