Same for 2 tables
Active files:
Partition root: 10 records in file

