Active files:
Partition L:
10 records in file
20 records in file
Partition R:
30 records in file
40 records in file
