Active files:
Partition LLL: 12 records in file
Partition LLR: 13 records in file
Partition LRL: 12 records in file
Partition LRR: 13 records in file
Partition RLL: 12 records in file
Partition RLR: 13 records in file
Partition RRL: 12 records in file
Partition RRR: 13 records in file
Partition LL: 25 records in file
Partition L: 50 records in file
Partition root: 100 records in file
