One table
Active files:
Partition root: 10 records in file root.parquet

