Active files:
Partition LLL: 12 records in file LLL.parquet
Partition LLR: 13 records in file LLR.parquet
Partition LRL: 12 records in file LRL.parquet
Partition LRR: 13 records in file LRR.parquet
Partition RLL: 12 records in file RLL.parquet
Partition RLR: 13 records in file RLR.parquet
Partition RRL: 12 records in file RRL.parquet
Partition RRR: 13 records in file RRR.parquet
