{
  "type": "FILES_GARBAGE_COLLECTED",
  "request": {
    "tableId": "tableId",
    "filenames": [
      "file1.parquet",
      "file2.parquet",
      "file3.parquet"
    ]
  }
}