{
  "type": "STORED_IN_S3",
  "request": {
    "keyInS3": "test-data-bucket/test-commit-request.json"
  }
}